# 2026-09-25 21:28:29 UTC  |  host  |  <repo>
$ forge script script/Demo.s.sol --sig claimAll() --rpc-url http://127.0.0.1:8545 --broadcast --slow --unlocked --sender 0xf39Fd6e51aad88F6F4ce6aB8827279cffFb92266

No files changed, compilation skipped
Script ran successfully.

== Logs ==
  claimed bequest 0
  claimed bequest 1
  bequest 2 time-locked until 1790373133
  claimed bequest 3
  claimed age-restricted bequest 4
  bequest 5 age-restricted and no proof (heir too young?)
  claimed bequest 6
  claimed bequest 7

## Setting up 1 EVM.

==========================

Chain 31337

Estimated gas price: 0.118932625 gwei

Estimated total gas used for script: 1142536

Estimated amount required: 0.000135884805637 ETH

==========================


==========================

ONCHAIN EXECUTION COMPLETE & SUCCESSFUL.

Transactions saved to: <repo>/broadcast\Demo.s.sol\31337\claimAll-latest.json

Sensitive values saved to: <repo>/cache\Demo.s.sol\31337\claimAll-latest.json


# exit code: 0
