# 2026-09-25 21:42:44 UTC  |  host  |  <repo>
$ forge script script/DemoThreshold.s.sol --sig multi() --rpc-url http://127.0.0.1:8545 --broadcast --slow --unlocked --sender 0xf39Fd6e51aad88F6F4ce6aB8827279cffFb92266

No files changed, compilation skipped
Script ran successfully.

== Logs ==
  THR_STATUS Alive
  THR_NOW 1790375538
  THR_TL 1790375538
  THR_DEADLINE 1790376138

## Setting up 1 EVM.

==========================

Chain 31337

Estimated gas price: 0.001138385 gwei

Estimated total gas used for script: 649611

Estimated amount required: 0.000000739507418235 ETH

==========================


==========================

ONCHAIN EXECUTION COMPLETE & SUCCESSFUL.

Transactions saved to: <repo>/broadcast\DemoThreshold.s.sol\31337\multi-latest.json

Sensitive values saved to: <repo>/cache\DemoThreshold.s.sol\31337\multi-latest.json


# exit code: 0
