# 2026-09-25 21:42:28 UTC  |  host  |  <repo>
$ forge script script/DemoThreshold.s.sol --sig configure() --rpc-url http://127.0.0.1:8545 --broadcast --slow --unlocked --sender 0xf39Fd6e51aad88F6F4ce6aB8827279cffFb92266

No files changed, compilation skipped
Script ran successfully.

== Logs ==
  THRESHOLD_A 2
  THRESHOLD_B 2
  THRESHOLD_C 2
  THR_STATUS Alive
  THR_NOW 1790375505
  THR_TL 1790375477
  THR_DEADLINE 1790376077

## Setting up 1 EVM.

==========================

Chain 31337

Estimated gas price: 0.001934823 gwei

Estimated total gas used for script: 211743

Estimated amount required: 0.000000409685226489 ETH

==========================


==========================

ONCHAIN EXECUTION COMPLETE & SUCCESSFUL.

Transactions saved to: <repo>/broadcast\DemoThreshold.s.sol\31337\configure-latest.json

Sensitive values saved to: <repo>/cache\DemoThreshold.s.sol\31337\configure-latest.json


# exit code: 0
