# 2026-09-25 23:26:21 UTC  |  host  |  <repo>
$ forge script script/DemoThreshold.s.sol --sig multi() --rpc-url https://ethereum-sepolia-rpc.publicnode.com --broadcast --slow

No files changed, compilation skipped
Script ran successfully.

== Logs ==
  THR_STATUS Alive
  THR_NOW 1790378772
  THR_TL 1790378760
  THR_DEADLINE 1790379360

## Setting up 1 EVM.

==========================

Chain 11155111

Estimated gas price: 2.113547314 gwei

Estimated total gas used for script: 649646

Estimated amount required: 0.001373057558350844 ETH

==========================


==========================

ONCHAIN EXECUTION COMPLETE & SUCCESSFUL.

Transactions saved to: <repo>/broadcast\DemoThreshold.s.sol\11155111\multi-latest.json

Sensitive values saved to: <repo>/cache\DemoThreshold.s.sol\11155111\multi-latest.json


# exit code: 0
