# 2026-09-25 23:24:39 UTC  |  host  |  <repo>
$ forge script script/DemoThreshold.s.sol --sig proveA() --rpc-url https://ethereum-sepolia-rpc.publicnode.com --broadcast --slow

No files changed, compilation skipped
Script ran successfully.

== Logs ==
  THR_STATUS Alive
  THR_NOW 1790378676
  THR_TL 1790378664
  THR_DEADLINE 1790379264

## Setting up 1 EVM.

==========================

Chain 11155111

Estimated gas price: 2.12011538 gwei

Estimated total gas used for script: 327925

Estimated amount required: 0.0006952388359865 ETH

==========================


==========================

ONCHAIN EXECUTION COMPLETE & SUCCESSFUL.

Transactions saved to: <repo>/broadcast\DemoThreshold.s.sol\11155111\proveA-latest.json

Sensitive values saved to: <repo>/cache\DemoThreshold.s.sol\11155111\proveA-latest.json


# exit code: 0
